// Jest Snapshot v1, https://goo.gl/fbAQLP

exports[`Layout should render correctly 1`] = `
<DocumentFragment>
  <div
    class="MuiBox-root css-vooagt"
  >
    <div
      class="MuiContainer-root MuiContainer-maxWidthLg css-87kmc0-MuiContainer-root"
    >
      <div>
        Test
      </div>
    </div>
  </div>
</DocumentFragment>
`;
